\BOOKMARK [1][-]{section*.2}{\376\377\000R\000E\000S\000U\000M\000O}{}% 1
\BOOKMARK [1][-]{section.1}{\376\377\000I\000N\000T\000R\000O\000D\000U\000\307\000\303\000O}{}% 2
\BOOKMARK [1][-]{section.2}{\376\377\000P\000R\000\311\000-\000D\000E\000S\000E\000N\000V\000O\000L\000V\000I\000M\000E\000N\000T\000O}{}% 3
\BOOKMARK [2][-]{subsection.2.1}{\376\377\000C\000o\000n\000t\000e\000x\000t\000u\000a\000l\000i\000z\000a\000\347\000\343\000o\000\040\000d\000o\000\040\000P\000r\000o\000b\000l\000e\000m\000a}{section.2}% 4
\BOOKMARK [2][-]{subsection.2.2}{\376\377\000C\000o\000n\000t\000e\000x\000t\000u\000a\000l\000i\000z\000a\000\347\000\343\000o\000\040\000d\000a\000s\000\040\000D\000o\000r\000e\000s}{section.2}% 5
\BOOKMARK [2][-]{subsection.2.3}{\376\377\000P\000\372\000b\000l\000i\000c\000o\000\040\000A\000l\000v\000o}{section.2}% 6
\BOOKMARK [2][-]{subsection.2.4}{\376\377\000L\000e\000g\000i\000s\000l\000a\000\347\000\343\000o\000\040\000e\000\040\000N\000o\000r\000m\000a\000s}{section.2}% 7
\BOOKMARK [2][-]{subsection.2.5}{\376\377\000S\000o\000l\000u\000\347\000\365\000e\000s\000\040\000e\000x\000i\000s\000t\000e\000n\000t\000e\000s\000\040\000n\000o\000\040\000m\000e\000r\000c\000a\000d\000o}{section.2}% 8
\BOOKMARK [2][-]{subsection.2.6}{\376\377\000P\000r\000o\000p\000o\000s\000t\000a\000\040\000d\000e\000\040\000V\000a\000l\000o\000r}{section.2}% 9
\BOOKMARK [2][-]{subsection.2.7}{\376\377\000C\000u\000s\000t\000o\000-\000M\000e\000t\000a}{section.2}% 10
\BOOKMARK [2][-]{subsection.2.8}{\376\377\000E\000n\000c\000e\000r\000r\000a\000m\000e\000n\000t\000o\000\040\000d\000a\000\040\000f\000a\000s\000e\000\040\000d\000e\000\040\000P\000r\000\351\000-\000D\000e\000s\000e\000n\000v\000o\000l\000v\000i\000m\000e\000n\000t\000o}{section.2}% 11
\BOOKMARK [1][-]{section.3}{\376\377\000P\000R\000O\000J\000E\000T\000O\000\040\000I\000N\000F\000O\000R\000M\000A\000C\000I\000O\000N\000A\000L}{}% 12
\BOOKMARK [2][-]{subsection.3.1}{\376\377\000C\000i\000c\000l\000o\000\040\000d\000e\000\040\000V\000i\000d\000a\000\040\000d\000o\000\040\000P\000r\000o\000d\000u\000t\000o}{section.3}% 13
\BOOKMARK [2][-]{subsection.3.2}{\376\377\000I\000d\000e\000n\000t\000i\000f\000i\000c\000a\000\347\000\343\000o\000\040\000d\000a\000s\000\040\000N\000e\000c\000e\000s\000s\000i\000d\000a\000d\000e\000s\000\040\000d\000o\000s\000\040\000C\000l\000i\000e\000n\000t\000e\000s}{section.3}% 14
\BOOKMARK [3][-]{subsubsection.3.2.1}{\376\377\000M\000\351\000t\000o\000d\000o\000s\000\040\000d\000e\000\040\000P\000e\000s\000q\000u\000i\000s\000a\000\040\000A\000p\000l\000i\000c\000a\000d\000o\000s}{subsection.3.2}% 15
\BOOKMARK [3][-]{subsubsection.3.2.2}{\376\377\000N\000e\000c\000e\000s\000s\000i\000d\000a\000d\000e\000\040\000c\000o\000m\000o\000\040\000C\000a\000r\000a\000c\000t\000e\000r\000\355\000s\000t\000i\000c\000a\000\040\000d\000o\000\040\000P\000r\000o\000d\000u\000t\000o}{subsection.3.2}% 16
\BOOKMARK [3][-]{subsubsection.3.2.3}{\376\377\000N\000e\000c\000e\000s\000s\000i\000d\000a\000d\000e\000s\000\040\000C\000o\000n\000s\000o\000l\000i\000d\000a\000d\000a\000s}{subsection.3.2}% 17
\BOOKMARK [2][-]{subsection.3.3}{\376\377\000R\000e\000q\000u\000i\000s\000i\000t\000o\000s\000\040\000d\000o\000s\000\040\000C\000l\000i\000e\000n\000t\000e\000s}{section.3}% 18
\BOOKMARK [3][-]{subsubsection.3.3.1}{\376\377\000M\000a\000t\000r\000i\000z\000\040\000d\000e\000\040\000A\000t\000r\000i\000b\000u\000t\000o\000s}{subsection.3.3}% 19
\BOOKMARK [3][-]{subsubsection.3.3.2}{\376\377\000T\000\351\000c\000n\000i\000c\000a\000\040\000d\000e\000\040\000C\000e\000n\000\341\000r\000i\000o\000s}{subsection.3.3}% 20
\BOOKMARK [3][-]{subsubsection.3.3.3}{\376\377\000L\000i\000s\000t\000a\000\040\000d\000e\000\040\000R\000e\000q\000u\000i\000s\000i\000t\000o\000s\000\040\000d\000o\000s\000\040\000C\000l\000i\000e\000n\000t\000e\000s}{subsection.3.3}% 21
\BOOKMARK [3][-]{subsubsection.3.3.4}{\376\377\000R\000a\000s\000t\000r\000e\000a\000b\000i\000l\000i\000d\000a\000d\000e\000\040\000e\000n\000t\000r\000e\000\040\000N\000e\000c\000e\000s\000s\000i\000d\000a\000d\000e\000s\000\040\000e\000\040\000R\000e\000q\000u\000i\000s\000i\000t\000o\000s}{subsection.3.3}% 22
\BOOKMARK [2][-]{subsection.3.4}{\376\377\000I\000m\000p\000o\000r\000t\000\342\000n\000c\000i\000a\000\040\000d\000o\000s\000\040\000R\000e\000q\000u\000i\000s\000i\000t\000o\000s}{section.3}% 23
\BOOKMARK [3][-]{subsubsection.3.4.1}{\376\377\000D\000i\000a\000g\000r\000a\000m\000a\000\040\000d\000e\000\040\000K\000a\000n\000o}{subsection.3.4}% 24
\BOOKMARK [3][-]{subsubsection.3.4.2}{\376\377\000D\000i\000a\000g\000r\000a\000m\000a\000\040\000d\000e\000\040\000M\000u\000d\000g\000e}{subsection.3.4}% 25
\BOOKMARK [3][-]{subsubsection.3.4.3}{\376\377\000G\000r\000\341\000f\000i\000c\000o\000\040\000d\000e\000\040\000P\000a\000r\000e\000t\000o}{subsection.3.4}% 26
\BOOKMARK [3][-]{subsubsection.3.4.4}{\376\377\000B\000e\000n\000c\000h\000m\000a\000r\000k\000i\000n\000g\000\040\000C\000o\000m\000p\000e\000t\000i\000t\000i\000v\000o}{subsection.3.4}% 27
\BOOKMARK [2][-]{subsection.3.5}{\376\377\000C\000o\000m\000p\000a\000r\000a\000t\000i\000v\000o\000\040\000e\000n\000t\000r\000e\000\040\000o\000s\000\040\000m\000\351\000t\000o\000d\000o\000s\000\040\000u\000t\000i\000l\000i\000z\000a\000d\000o\000s}{section.3}% 28
\BOOKMARK [2][-]{subsection.3.6}{\376\377\000D\000e\000s\000d\000o\000b\000r\000a\000m\000e\000n\000t\000o\000\040\000d\000a\000\040\000F\000u\000n\000\347\000\343\000o\000\040\000Q\000u\000a\000l\000i\000d\000a\000d\000e}{section.3}% 29
\BOOKMARK [3][-]{subsubsection.3.6.1}{\376\377\000R\000e\000q\000u\000i\000s\000i\000t\000o\000s\000\040\000d\000o\000\040\000p\000r\000o\000d\000u\000t\000o}{subsection.3.6}% 30
\BOOKMARK [3][-]{subsubsection.3.6.2}{\376\377\000M\000a\000t\000r\000i\000z\000\040\000d\000e\000\040\000R\000e\000l\000a\000c\000i\000o\000n\000a\000m\000e\000n\000t\000o}{subsection.3.6}% 31
\BOOKMARK [3][-]{subsubsection.3.6.3}{\376\377\000Q\000u\000a\000n\000t\000i\000f\000i\000c\000a\000\347\000\343\000o}{subsection.3.6}% 32
\BOOKMARK [3][-]{subsubsection.3.6.4}{\376\377\000M\000a\000t\000r\000i\000z\000\040\000d\000e\000\040\000C\000o\000r\000r\000e\000l\000a\000\347\000\343\000o}{subsection.3.6}% 33
\BOOKMARK [3][-]{subsubsection.3.6.5}{\376\377\000A\000n\000\341\000l\000i\000s\000e\000\040\000d\000o\000s\000\040\000R\000e\000s\000u\000l\000t\000a\000d\000o\000s\000\040\000d\000o\000\040\000Q\000F\000D}{subsection.3.6}% 34
\BOOKMARK [2][-]{subsection.3.7}{\376\377\000E\000s\000p\000e\000c\000i\000f\000i\000c\000a\000\347\000\365\000e\000s\000\040\000M\000e\000t\000a}{section.3}% 35
\BOOKMARK [2][-]{subsection.3.8}{\376\377\000E\000n\000c\000e\000r\000r\000a\000m\000e\000n\000t\000o\000\040\000d\000a\000\040\000F\000a\000s\000e\000\040\000d\000e\000\040\000P\000r\000o\000j\000e\000t\000o\000\040\000I\000n\000f\000o\000r\000m\000a\000c\000i\000o\000n\000a\000l}{section.3}% 36
\BOOKMARK [1][-]{section.4}{\376\377\000P\000R\000O\000J\000E\000T\000O\000\040\000C\000O\000N\000C\000E\000I\000T\000U\000A\000L}{}% 37
\BOOKMARK [2][-]{subsection.4.1}{\376\377\000M\000o\000d\000e\000l\000a\000g\000e\000m\000\040\000F\000u\000n\000c\000i\000o\000n\000a\000l}{section.4}% 38
\BOOKMARK [3][-]{subsubsection.4.1.1}{\376\377\000M\000o\000d\000e\000l\000a\000g\000e\000m\000\040\000F\000u\000n\000c\000i\000o\000n\000a\000l\000\040\0001}{subsection.4.1}% 39
\BOOKMARK [3][-]{subsubsection.4.1.2}{\376\377\000M\000o\000d\000e\000l\000a\000g\000e\000m\000\040\000F\000u\000n\000c\000i\000o\000n\000a\000l\000\040\0002}{subsection.4.1}% 40
\BOOKMARK [3][-]{subsubsection.4.1.3}{\376\377\000M\000o\000d\000e\000l\000a\000g\000e\000m\000\040\000F\000u\000n\000c\000i\000o\000n\000a\000l\000\040\0003}{subsection.4.1}% 41
\BOOKMARK [3][-]{subsubsection.4.1.4}{\376\377\000S\000e\000l\000e\000\347\000\343\000o\000\040\000d\000a\000\040\000M\000o\000d\000e\000l\000a\000g\000e\000m}{subsection.4.1}% 42
\BOOKMARK [2][-]{subsection.4.2}{\376\377\000M\000a\000t\000r\000i\000z\000\040\000T\000R\000I\000Z}{section.4}% 43
\BOOKMARK [2][-]{subsection.4.3}{\376\377\000M\000a\000t\000r\000i\000z\000\040\000M\000o\000r\000f\000o\000l\000\363\000g\000i\000c\000a}{section.4}% 44
\BOOKMARK [2][-]{subsection.4.4}{\376\377\000R\000e\000v\000i\000s\000\343\000o\000\040\000d\000a\000\040\000M\000o\000d\000e\000l\000a\000g\000e\000m\000\040\000F\000u\000n\000c\000i\000o\000n\000a\000l\000\040\000e\000\040\000M\000a\000t\000r\000i\000z\000\040\000M\000o\000r\000f\000o\000l\000\363\000g\000i\000c\000a}{section.4}% 45
\BOOKMARK [2][-]{subsection.4.5}{\376\377\000M\000a\000t\000r\000i\000z\000\040\000I\000n\000d\000i\000c\000a\000d\000o\000r\000a\000\040\000d\000e\000\040\000M\000\363\000d\000u\000l\000o\000s}{section.4}% 46
\BOOKMARK [2][-]{subsection.4.6}{\376\377\000A\000r\000q\000u\000i\000t\000e\000t\000u\000r\000a\000\040\000d\000o\000\040\000P\000r\000o\000d\000u\000t\000o}{section.4}% 47
\BOOKMARK [3][-]{subsubsection.4.6.1}{\376\377\000C\000o\000n\000c\000e\000p\000\347\000\343\000o\000\040\0001}{subsection.4.6}% 48
\BOOKMARK [3][-]{subsubsection.4.6.2}{\376\377\000C\000o\000n\000c\000e\000p\000\347\000\343\000o\000\040\0002}{subsection.4.6}% 49
\BOOKMARK [3][-]{subsubsection.4.6.3}{\376\377\000C\000o\000n\000c\000e\000p\000\347\000\343\000o\000\040\0003}{subsection.4.6}% 50
\BOOKMARK [3][-]{subsubsection.4.6.4}{\376\377\000C\000o\000n\000c\000e\000p\000\347\000\343\000o\000\040\000F\000i\000n\000a\000l}{subsection.4.6}% 51
\BOOKMARK [2][-]{subsection.4.7}{\376\377\000A\000n\000\341\000l\000i\000s\000e\000\040\000T\000\351\000c\000n\000i\000c\000a}{section.4}% 52
\BOOKMARK [2][-]{subsection.4.8}{\376\377\000A\000n\000\341\000l\000i\000s\000e\000\040\000d\000e\000\040\000V\000a\000l\000o\000r}{section.4}% 53
\BOOKMARK [2][-]{subsection.4.9}{\376\377\000F\000M\000E\000A}{section.4}% 54
\BOOKMARK [2][-]{subsection.4.10}{\376\377\000A\000n\000\341\000l\000i\000s\000e\000\040\000d\000e\000\040\000V\000i\000a\000b\000i\000l\000i\000d\000a\000d\000e}{section.4}% 55
\BOOKMARK [2][-]{subsection.4.11}{\376\377\000M\000o\000d\000e\000l\000o\000\040\000d\000e\000\040\000N\000e\000g\000\363\000c\000i\000o}{section.4}% 56
\BOOKMARK [1][-]{section.5}{\376\377\000C\000O\000N\000S\000I\000D\000E\000R\000A\000\307\000\303\000O\000\040\000F\000I\000N\000A\000L}{}% 57
\BOOKMARK [2][-]{subsection.5.1}{\376\377\000A\000n\000\341\000l\000i\000s\000e\000\040\000F\000i\000n\000a\000l}{section.5}% 58
\BOOKMARK [2][-]{subsection.5.2}{\376\377\000C\000o\000n\000c\000l\000u\000s\000\343\000o}{section.5}% 59
\BOOKMARK [2][-]{subsection.5.3}{\376\377\000L\000i\000\347\000\365\000e\000s\000\040\000A\000p\000r\000e\000n\000d\000i\000d\000a\000s}{section.5}% 60
\BOOKMARK [1][-]{subsection.5.3}{\376\377\000R\000E\000F\000E\000R\000\312\000N\000C\000I\000A\000S\000\040\000B\000I\000B\000L\000I\000O\000G\000R\000\301\000F\000I\000C\000A\000S}{}% 61
\BOOKMARK [1][-]{section*.12}{\376\377\000A\000N\000E\000X\000O\000S}{}% 62
